// Jest Snapshot v1, https://goo.gl/fbAQLP

exports[`GroupByResult snapshot 1`] = `
<div
  className="noselect gbrContainer "
>
  <div
    className="gbrHeader"
  >
    <h3
      className="gbrFieldName"
      data-test-id="gbrFieldName"
    >
      Category
    </h3>
    <div
      className="collapseButton"
      onClick={[Function]}
    >
      <svg
        aria-hidden="true"
        className="svg-inline--fa fa-chevron-up fa-w-14 collapseIcon"
        data-icon="chevron-up"
        data-prefix="fas"
        focusable="false"
        role="img"
        style={Object {}}
        viewBox="0 0 448 512"
        xmlns="http://www.w3.org/2000/svg"
      >
        <path
          d="M240.971 130.524l194.343 194.343c9.373 9.373 9.373 24.569 0 33.941l-22.667 22.667c-9.357 9.357-24.522 9.375-33.901.04L224 227.495 69.255 381.516c-9.379 9.335-24.544 9.317-33.901-.04l-22.667-22.667c-9.373-9.373-9.373-24.569 0-33.941L207.03 130.525c9.372-9.373 24.568-9.373 33.941-.001z"
          fill="currentColor"
          style={Object {}}
        />
      </svg>
    </div>
  </div>
  <div
    className="collapseContainer"
  >
    <div
      className="filterRow"
    >
      <label
        className="checkbox gbrCheckLabel"
      >
        <input
          checked={false}
          onChange={[Function]}
          type="checkbox"
        />
        <span
          className="gbrCheckLabelName"
          data-test-id="gbrCheckLabelName"
        >
          Vin rouge
        </span>
      </label>
    </div>
    <div
      className="filterRow"
    >
      <label
        className="checkbox gbrCheckLabel"
      >
        <input
          checked={false}
          onChange={[Function]}
          type="checkbox"
        />
        <span
          className="gbrCheckLabelName"
          data-test-id="gbrCheckLabelName"
        >
          Vin blanc
        </span>
      </label>
    </div>
    <div
      className="filterRow"
    >
      <label
        className="checkbox gbrCheckLabel"
      >
        <input
          checked={false}
          onChange={[Function]}
          type="checkbox"
        />
        <span
          className="gbrCheckLabelName"
          data-test-id="gbrCheckLabelName"
        >
          Vin rosé
        </span>
      </label>
    </div>
    <div
      className="filterRow"
    >
      <label
        className="checkbox gbrCheckLabel"
      >
        <input
          checked={false}
          onChange={[Function]}
          type="checkbox"
        />
        <span
          className="gbrCheckLabelName"
          data-test-id="gbrCheckLabelName"
        >
          Champagne
        </span>
      </label>
    </div>
    <div
      className="filterRow"
    >
      <label
        className="checkbox gbrCheckLabel"
      >
        <input
          checked={false}
          onChange={[Function]}
          type="checkbox"
        />
        <span
          className="gbrCheckLabelName"
          data-test-id="gbrCheckLabelName"
        >
          Rhum brun
        </span>
      </label>
    </div>
    <div
      className="filterRow"
    >
      <label
        className="checkbox gbrCheckLabel"
      >
        <input
          checked={false}
          onChange={[Function]}
          type="checkbox"
        />
        <span
          className="gbrCheckLabelName"
          data-test-id="gbrCheckLabelName"
        >
          Whiskey américain
        </span>
      </label>
    </div>
    <div
      className="filterRow"
    >
      <label
        className="checkbox gbrCheckLabel"
      >
        <input
          checked={false}
          onChange={[Function]}
          type="checkbox"
        />
        <span
          className="gbrCheckLabelName"
          data-test-id="gbrCheckLabelName"
        >
          Whisky écossais
        </span>
      </label>
    </div>
    <div
      className="filterRow"
    >
      <label
        className="checkbox gbrCheckLabel"
      >
        <input
          checked={false}
          onChange={[Function]}
          type="checkbox"
        />
        <span
          className="gbrCheckLabelName"
          data-test-id="gbrCheckLabelName"
        >
          Vin mousseux
        </span>
      </label>
    </div>
    <div
      className="filterRow"
    >
      <label
        className="checkbox gbrCheckLabel"
      >
        <input
          checked={false}
          onChange={[Function]}
          type="checkbox"
        />
        <span
          className="gbrCheckLabelName"
          data-test-id="gbrCheckLabelName"
        >
          Xérès
        </span>
      </label>
    </div>
    <div
      className="filterRow"
    >
      <label
        className="checkbox gbrCheckLabel"
      >
        <input
          checked={false}
          onChange={[Function]}
          type="checkbox"
        />
        <span
          className="gbrCheckLabelName"
          data-test-id="gbrCheckLabelName"
        >
          Dry gin
        </span>
      </label>
    </div>
  </div>
</div>
`;
